******************************************************************************
                  TI ARM Linker PC v18.1.4                     
******************************************************************************
>> Linked Thu Oct 31 13:58:03 2019

OUTPUT FILE NAME:   <Lab7.out>
ENTRY POINT SYMBOL: "_c_int00_noargs"  address: 00000f01


MEMORY CONFIGURATION

         name            origin    length      used     unused   attr    fill
----------------------  --------  ---------  --------  --------  ----  --------
  MAIN                  00000000   00040000  000010a8  0003ef58  R  X
  INFO                  00200000   00004000  00000000  00004000  R  X
  SRAM_CODE             01000000   00010000  00000263  0000fd9d  RW X
  SRAM_DATA             20000000   00010000  00000263  0000fd9d  RW  


SEGMENT ALLOCATION MAP

run origin  load origin   length   init length attrs members
----------  ----------- ---------- ----------- ----- -------
00000000    00000000    000010a8   000010a8    r-x
  00000000    00000000    000000e4   000000e4    r-- .intvecs
  000000e4    000000e4    00000f7c   00000f7c    r-x .text
  00001060    00001060    00000048   00000048    r-- .cinit
20000000    20000000    00000063   00000000    rw-
  20000000    20000000    0000005c   00000000    rw- .data
  2000005c    2000005c    00000007   00000000    rw- .bss
2000fe00    2000fe00    00000200   00000000    rw-
  2000fe00    2000fe00    00000200   00000000    rw- .stack


SECTION ALLOCATION MAP

 output                                  attributes/
section   page    origin      length       input sections
--------  ----  ----------  ----------   ----------------
.intvecs   0    00000000    000000e4     
                  00000000    000000e4     startup_msp432p401r_ccs.obj (.intvecs:retain)

.text      0    000000e4    00000f7c     
                  000000e4    00000540     main.obj (.text:main)
                  00000624    0000017c     Clock.obj (.text:Clock_Init48MHz)
                  000007a0    000000b4     Encoder.obj (.text:encoder_init)
                  00000854    000000b0     Bump.obj (.text:Bump_Read)
                  00000904    000000b0     main.obj (.text:Initialize_System)
                  000009b4    000000b0     Motor.obj (.text:motor_init)
                  00000a64    0000009c     rtsv7M4_T_le_v4SPD16_eabi.lib : memcpy_t2.asm.obj (.text)
                  00000b00    00000098     Encoder.obj (.text:PORT5_IRQHandler)
                  00000b98    0000008c     Button.obj (.text:button_init)
                  00000c24    00000078     system_msp432p401r.obj (.text:SystemInit)
                  00000c9c    00000068     rtsv7M4_T_le_v4SPD16_eabi.lib : copy_decompress_lzss.c.obj (.text:decompress:lzss:__TI_decompress_lzss)
                  00000d04    00000060     Motor.obj (.text:set_left_motor_pwm)
                  00000d64    00000060     Motor.obj (.text:set_right_motor_pwm)
                  00000dc4    0000005c     Bump.obj (.text:Bump_Init)
                  00000e20    00000058     Reflectance.obj (.text:Reflectance_Init)
                  00000e78    00000044     Button.obj (.text:PORT1_IRQHandler)
                  00000ebc    00000044     rtsv7M4_T_le_v4SPD16_eabi.lib : autoinit.c.obj (.text:__TI_auto_init_nobinit_nopinit:__TI_auto_init_nobinit_nopinit)
                  00000f00    00000038                                   : boot_cortex_m.c.obj (.text:_c_int00_noargs:_c_int00_noargs)
                  00000f38    00000030     Motor.obj (.text:set_left_motor_direction)
                  00000f68    00000030     Motor.obj (.text:set_right_motor_direction)
                  00000f98    0000002c     Clock.obj (.text:Clock_Delay1ms)
                  00000fc4    00000018     Button.obj (.text:button_S1_pressed)
                  00000fdc    00000018     Button.obj (.text:button_S2_pressed)
                  00000ff4    00000012     rtsv7M4_T_le_v4SPD16_eabi.lib : copy_zero_init.c.obj (.text:decompress:ZI:__TI_zero_init_nomemset:__TI_zero_init_nomemset)
                  00001006    00000002     startup_msp432p401r_ccs.obj (.text:Default_Handler)
                  00001008    00000010     main.obj (.text:SysTick_Handler)
                  00001018    0000000e     rtsv7M4_T_le_v4SPD16_eabi.lib : copy_decompress_none.c.obj (.text:decompress:none:__TI_decompress_none)
                  00001026    0000000e     Clock.obj (.text:delay)
                  00001034    0000000c     startup_msp432p401r_ccs.obj (.text:Reset_Handler)
                  00001040    0000000c     Encoder.obj (.text:get_left_motor_count)
                  0000104c    0000000c     Encoder.obj (.text:get_right_motor_count)
                  00001058    00000004     rtsv7M4_T_le_v4SPD16_eabi.lib : pre_init.c.obj (.text:_system_pre_init)
                  0000105c    00000004                                   : exit.c.obj (.text:abort:abort)

.cinit     0    00001060    00000048     
                  00001060    00000024     (.cinit..data.load) [load image, compression = lzss]
                  00001084    0000000c     (__TI_handler_table)
                  00001090    00000008     (.cinit..bss.load) [load image, compression = zero_init]
                  00001098    00000010     (__TI_cinit_table)

.init_array 
*          0    00000000    00000000     UNINITIALIZED

.binit     0    00000000    00000000     

.data      0    20000000    0000005c     UNINITIALIZED
                  20000000    00000018     Clock.obj (.data)
                  20000018    00000018     Motor.obj (.data:left_motor_pwm_config)
                  20000030    00000018     Motor.obj (.data:right_motor_pwm_config)
                  20000048    00000009     main.obj (.data)
                  20000051    00000002     Button.obj (.data)
                  20000053    00000001     --HOLE--
                  20000054    00000008     Encoder.obj (.data)

.bss       0    2000005c    00000007     UNINITIALIZED
                  2000005c    00000001     (.common:bump_data)
                  2000005d    00000001     (.common:bump_data0)
                  2000005e    00000001     (.common:bump_data1)
                  2000005f    00000001     (.common:bump_data2)
                  20000060    00000001     (.common:bump_data3)
                  20000061    00000001     (.common:bump_data4)
                  20000062    00000001     (.common:bump_data5)

.stack     0    2000fe00    00000200     UNINITIALIZED
                  2000fe00    00000004     rtsv7M4_T_le_v4SPD16_eabi.lib : boot_cortex_m.c.obj (.stack)
                  2000fe04    000001fc     --HOLE--

MODULE SUMMARY

       Module                        code   ro data   rw data
       ------                        ----   -------   -------
    .\
       main.obj                      1536   0         32     
       system_msp432p401r.obj        120    0         0      
    +--+-----------------------------+------+---------+---------+
       Total:                        1656   0         32     
                                                             
    .\Library\
       Motor.obj                     464    0         96     
       Clock.obj                     438    0         48     
       Encoder.obj                   356    0         16     
       Bump.obj                      268    0         0      
       Button.obj                    256    0         4      
       Reflectance.obj               88     0         0      
    +--+-----------------------------+------+---------+---------+
       Total:                        1870   0         164    
                                                             
    .\ccs\
       startup_msp432p401r_ccs.obj   14     228       0      
    +--+-----------------------------+------+---------+---------+
       Total:                        14     228       0      
                                                             
    C:\ti\ccsv8\tools\compiler\ti-cgt-arm_18.1.4.LTS\lib\rtsv7M4_T_le_v4SPD16_eabi.lib
       memcpy_t2.asm.obj             156    0         0      
       copy_decompress_lzss.c.obj    104    0         0      
       autoinit.c.obj                68     0         0      
       boot_cortex_m.c.obj           56     0         0      
       copy_zero_init.c.obj          18     0         0      
       copy_decompress_none.c.obj    14     0         0      
       exit.c.obj                    4      0         0      
       pre_init.c.obj                4      0         0      
    +--+-----------------------------+------+---------+---------+
       Total:                        424    0         0      
                                                             
       Stack:                        0      0         1024   
       Linker Generated:             0      72        0      
    +--+-----------------------------+------+---------+---------+
       Grand Total:                  3964   300       1220   


LINKER GENERATED COPY TABLES

__TI_cinit_table @ 00001098 records: 2, size/record: 8, table size: 16
	.data: load addr=00001060, load size=00000024 bytes, run addr=20000000, run size=0000005c bytes, compression=lzss
	.bss: load addr=00001090, load size=00000008 bytes, run addr=2000005c, run size=00000007 bytes, compression=zero_init


LINKER GENERATED HANDLER TABLE

__TI_handler_table @ 00001084 records: 3, size/record: 4, table size: 12
	index: 0, handler: __TI_decompress_lzss
	index: 1, handler: __TI_decompress_none
	index: 2, handler: __TI_zero_init


GLOBAL SYMBOLS: SORTED ALPHABETICALLY BY Name 

address   name                          
-------   ----                          
00001007  ADC14_IRQHandler              
00001007  AES256_IRQHandler             
00000dc5  Bump_Init                     
00000855  Bump_Read                     
00001007  BusFault_Handler              
0000105d  C$$EXIT                       
00001007  COMP_E0_IRQHandler            
00001007  COMP_E1_IRQHandler            
20000008  CPMwait                       
00001007  CS_IRQHandler                 
20000000  ClockFrequency                
00000f99  Clock_Delay1ms                
00000625  Clock_Init48MHz               
20000014  Crystalstable                 
00001007  DMA_ERR_IRQHandler            
00001007  DMA_INT0_IRQHandler           
00001007  DMA_INT1_IRQHandler           
00001007  DMA_INT2_IRQHandler           
00001007  DMA_INT3_IRQHandler           
00001007  DebugMon_Handler              
00001007  Default_Handler               
00001007  EUSCIA0_IRQHandler            
00001007  EUSCIA1_IRQHandler            
00001007  EUSCIA2_IRQHandler            
00001007  EUSCIA3_IRQHandler            
00001007  EUSCIB0_IRQHandler            
00001007  EUSCIB1_IRQHandler            
00001007  EUSCIB2_IRQHandler            
00001007  EUSCIB3_IRQHandler            
00001007  FLCTL_IRQHandler              
00001007  FPU_IRQHandler                
00001007  HardFault_Handler             
20000010  IFlags                        
00000905  Initialize_System             
00001007  MemManage_Handler             
00001007  NMI_Handler                   
00001007  PCM_IRQHandler                
00000e79  PORT1_IRQHandler              
00000e79  PORT1_IRQHandler              
00001007  PORT2_IRQHandler              
00001007  PORT3_IRQHandler              
00001007  PORT4_IRQHandler              
00000b01  PORT5_IRQHandler              
00000b01  PORT5_IRQHandler              
00001007  PORT6_IRQHandler              
00001007  PSS_IRQHandler                
00001007  PendSV_Handler                
2000000c  Postwait                      
20000004  Prewait                       
00001007  RTC_C_IRQHandler              
00000e21  Reflectance_Init              
00001035  Reset_Handler                 
00001007  SVC_Handler                   
00001009  SysTick_Handler               
00001009  SysTick_Handler               
00000c25  SystemInit                    
00001007  T32_INT1_IRQHandler           
00001007  T32_INT2_IRQHandler           
00001007  T32_INTC_IRQHandler           
00001007  TA0_0_IRQHandler              
00001007  TA0_N_IRQHandler              
00001007  TA1_0_IRQHandler              
00001007  TA1_N_IRQHandler              
00001007  TA2_0_IRQHandler              
00001007  TA2_N_IRQHandler              
00001007  TA3_0_IRQHandler              
00001007  TA3_N_IRQHandler              
00001007  UsageFault_Handler            
4000480c  WDTCTL_SYM                    
00001007  WDT_A_IRQHandler              
20010000  __STACK_END                   
00000200  __STACK_SIZE                  
00001098  __TI_CINIT_Base               
000010a8  __TI_CINIT_Limit              
00001084  __TI_Handler_Table_Base       
00001090  __TI_Handler_Table_Limit      
00000ebd  __TI_auto_init_nobinit_nopinit
00000c9d  __TI_decompress_lzss          
00001019  __TI_decompress_none          
ffffffff  __TI_pprof_out_hndl           
ffffffff  __TI_prof_data_size           
ffffffff  __TI_prof_data_start          
00000000  __TI_static_base__            
00000ff5  __TI_zero_init_nomemset       
00000a65  __aeabi_memcpy                
00000a65  __aeabi_memcpy4               
00000a65  __aeabi_memcpy8               
ffffffff  __binit__                     
ffffffff  __c_args__                    
UNDEFED   __mpu_init                    
2000fe00  __stack                       
00000f01  _c_int00_noargs               
UNDEFED   _system_post_cinit            
00001059  _system_pre_init              
0000105d  abort                         
ffffffff  binit                         
2000005c  bump_data                     
2000005d  bump_data0                    
2000005e  bump_data1                    
2000005f  bump_data2                    
20000060  bump_data3                    
20000061  bump_data4                    
20000062  bump_data5                    
00000fc5  button_S1_pressed             
20000051  button_S1_pressed_flag        
00000fdd  button_S2_pressed             
20000052  button_S2_pressed_flag        
00000b99  button_init                   
00001027  delay                         
000007a1  encoder_init                  
00001041  get_left_motor_count          
0000104d  get_right_motor_count         
2000004c  i                             
00000000  interruptVectors              
20000054  left_motor_count              
20000018  left_motor_pwm_config         
000000e5  main                          
00000a65  memcpy                        
000009b5  motor_init                    
20000058  right_motor_count             
20000030  right_motor_pwm_config        
00000f39  set_left_motor_direction      
00000d05  set_left_motor_pwm            
00000f69  set_right_motor_direction     
00000d65  set_right_motor_pwm           
20000050  state                         
20000048  tick                          


GLOBAL SYMBOLS: SORTED BY Symbol Address 

address   name                          
-------   ----                          
00000000  __TI_static_base__            
00000000  interruptVectors              
000000e5  main                          
00000200  __STACK_SIZE                  
00000625  Clock_Init48MHz               
000007a1  encoder_init                  
00000855  Bump_Read                     
00000905  Initialize_System             
000009b5  motor_init                    
00000a65  __aeabi_memcpy                
00000a65  __aeabi_memcpy4               
00000a65  __aeabi_memcpy8               
00000a65  memcpy                        
00000b01  PORT5_IRQHandler              
00000b01  PORT5_IRQHandler              
00000b99  button_init                   
00000c25  SystemInit                    
00000c9d  __TI_decompress_lzss          
00000d05  set_left_motor_pwm            
00000d65  set_right_motor_pwm           
00000dc5  Bump_Init                     
00000e21  Reflectance_Init              
00000e79  PORT1_IRQHandler              
00000e79  PORT1_IRQHandler              
00000ebd  __TI_auto_init_nobinit_nopinit
00000f01  _c_int00_noargs               
00000f39  set_left_motor_direction      
00000f69  set_right_motor_direction     
00000f99  Clock_Delay1ms                
00000fc5  button_S1_pressed             
00000fdd  button_S2_pressed             
00000ff5  __TI_zero_init_nomemset       
00001007  ADC14_IRQHandler              
00001007  AES256_IRQHandler             
00001007  BusFault_Handler              
00001007  COMP_E0_IRQHandler            
00001007  COMP_E1_IRQHandler            
00001007  CS_IRQHandler                 
00001007  DMA_ERR_IRQHandler            
00001007  DMA_INT0_IRQHandler           
00001007  DMA_INT1_IRQHandler           
00001007  DMA_INT2_IRQHandler           
00001007  DMA_INT3_IRQHandler           
00001007  DebugMon_Handler              
00001007  Default_Handler               
00001007  EUSCIA0_IRQHandler            
00001007  EUSCIA1_IRQHandler            
00001007  EUSCIA2_IRQHandler            
00001007  EUSCIA3_IRQHandler            
00001007  EUSCIB0_IRQHandler            
00001007  EUSCIB1_IRQHandler            
00001007  EUSCIB2_IRQHandler            
00001007  EUSCIB3_IRQHandler            
00001007  FLCTL_IRQHandler              
00001007  FPU_IRQHandler                
00001007  HardFault_Handler             
00001007  MemManage_Handler             
00001007  NMI_Handler                   
00001007  PCM_IRQHandler                
00001007  PORT2_IRQHandler              
00001007  PORT3_IRQHandler              
00001007  PORT4_IRQHandler              
00001007  PORT6_IRQHandler              
00001007  PSS_IRQHandler                
00001007  PendSV_Handler                
00001007  RTC_C_IRQHandler              
00001007  SVC_Handler                   
00001007  T32_INT1_IRQHandler           
00001007  T32_INT2_IRQHandler           
00001007  T32_INTC_IRQHandler           
00001007  TA0_0_IRQHandler              
00001007  TA0_N_IRQHandler              
00001007  TA1_0_IRQHandler              
00001007  TA1_N_IRQHandler              
00001007  TA2_0_IRQHandler              
00001007  TA2_N_IRQHandler              
00001007  TA3_0_IRQHandler              
00001007  TA3_N_IRQHandler              
00001007  UsageFault_Handler            
00001007  WDT_A_IRQHandler              
00001009  SysTick_Handler               
00001009  SysTick_Handler               
00001019  __TI_decompress_none          
00001027  delay                         
00001035  Reset_Handler                 
00001041  get_left_motor_count          
0000104d  get_right_motor_count         
00001059  _system_pre_init              
0000105d  C$$EXIT                       
0000105d  abort                         
00001084  __TI_Handler_Table_Base       
00001090  __TI_Handler_Table_Limit      
00001098  __TI_CINIT_Base               
000010a8  __TI_CINIT_Limit              
20000000  ClockFrequency                
20000004  Prewait                       
20000008  CPMwait                       
2000000c  Postwait                      
20000010  IFlags                        
20000014  Crystalstable                 
20000018  left_motor_pwm_config         
20000030  right_motor_pwm_config        
20000048  tick                          
2000004c  i                             
20000050  state                         
20000051  button_S1_pressed_flag        
20000052  button_S2_pressed_flag        
20000054  left_motor_count              
20000058  right_motor_count             
2000005c  bump_data                     
2000005d  bump_data0                    
2000005e  bump_data1                    
2000005f  bump_data2                    
20000060  bump_data3                    
20000061  bump_data4                    
20000062  bump_data5                    
2000fe00  __stack                       
20010000  __STACK_END                   
4000480c  WDTCTL_SYM                    
ffffffff  __TI_pprof_out_hndl           
ffffffff  __TI_prof_data_size           
ffffffff  __TI_prof_data_start          
ffffffff  __binit__                     
ffffffff  __c_args__                    
ffffffff  binit                         
UNDEFED   __mpu_init                    
UNDEFED   _system_post_cinit            

[127 symbols]
